8086/87/88/186 MACRO ASSEMBLER    BAUD                                                     20:10:38  01/07/;6  PAGE    1


DOS 5.0 (038-N) 8086/87/88/186 MACRO ASSEMBLER V3.1 ASSEMBLY OF MODULE BAUD
OBJECT MODULE PLACED IN BAUD.OBJ
ASSEMBLER INVOKED BY:  C:\5XTOOLS\ASM86.EXE BAUD.ASM M1 EP DB


LOC  OBJ                  LINE     SOURCE

                             1             NAME  Baud
                             2     
                             3     ;;;;;;;;;;;;;;;;;;;;;;;;;;;;;;;;;;;;;;;;;;;;;;;;;;;;;;;;;;;;;;;;;;;;;;;;;;;;;;
                             4     ;                                                                            ;
                             5     ;                                    Baud                                    ;
                             6     ;            Table of baud rate dividers for the serial I/O routine          ;
                             7     ;                                                                            ;
                             8     ;;;;;;;;;;;;;;;;;;;;;;;;;;;;;;;;;;;;;;;;;;;;;;;;;;;;;;;;;;;;;;;;;;;;;;;;;;;;;;
                             9     
                            10     ; This file contains the table of serial parameters, including baud rate
                            11     ; divisor and parity.
                            12     ;
                            13     ; These tables assume the RoboTrike has 3 wheels.
                            14     ;
                            15     ; The tables included are:
                            16     ;       Parity_Table - a table of flags for wheels to go backwards
                            17     ;
                            18     ; Revision History:
                            19     ;   11/24/15   Nancy Cao      initial code and comments
                            20     
                            21     
                            22     CGROUP  GROUP   CODE
                            23     
----                        24     CODE    SEGMENT PUBLIC 'CODE'
                            25     
0000                        26     Baud_Table        LABEL   WORD
                            27                       PUBLIC  Baud_Table
                            28     
0000 7800                   29             DW      120     ; 4800 baud rate
0002 5000                   30             DW      80      ; 7200 baud rate
0004 3C00                   31             DW      60      ; 9600 baud rate
0006 1E00                   32             DW      30      ; 19200 baud rate
0008 0F00                   33             DW      15      ; 38400 baud rate
                            34             
----                        35     CODE    ENDS
                            36     
                            37     
                            38     
                            39             END

ASSEMBLY COMPLETE, NO ERRORS FOUND
