8086/87/88/186 MACRO ASSEMBLER    PARITY                                                   20:10:40  01/07/;6  PAGE    1


DOS 5.0 (038-N) 8086/87/88/186 MACRO ASSEMBLER V3.1 ASSEMBLY OF MODULE PARITY
OBJECT MODULE PLACED IN PARITY.OBJ
ASSEMBLER INVOKED BY:  C:\5XTOOLS\ASM86.EXE PARITY.ASM M1 EP DB


LOC  OBJ                  LINE     SOURCE

                             1             NAME  Parity
                             2     
                             3     ;;;;;;;;;;;;;;;;;;;;;;;;;;;;;;;;;;;;;;;;;;;;;;;;;;;;;;;;;;;;;;;;;;;;;;;;;;;;;;
                             4     ;                                                                            ;
                             5     ;                                    Parity                                  ;
                             6     ;                 Table of parity for the serial I/O routine                 ;
                             7     ;                                                                            ;
                             8     ;;;;;;;;;;;;;;;;;;;;;;;;;;;;;;;;;;;;;;;;;;;;;;;;;;;;;;;;;;;;;;;;;;;;;;;;;;;;;;
                             9     ;
                            10     ; These tables assume the RoboTrike has 3 wheels.
                            11     ;
                            12     ; The tables included are:
                            13     ;       Parity_Table - a table of flags for wheels to go backwards
                            14     ;
                            15     ; Revision History:
                            16     ;   11/24/15   Nancy Cao      initial code and comments
                            17     
                            18     
                            19     CGROUP  GROUP   CODE
                            20     
----                        21     CODE    SEGMENT PUBLIC 'CODE'
                            22     
0000                        23     Parity_Table      LABEL   BYTE
                            24                       PUBLIC  Parity_Table
                            25                     
0000 00                     26             DB      00000000B           ; no parity
0001 0C                     27             DB      00001100B           ; even parity
0002 04                     28             DB      00000100B           ; odd parity
0003 1C                     29             DB      00011100B           ; stick even parity
0004 14                     30             DB      00010100B           ; stick odd parity
                            31             
----                        32     CODE    ENDS
                            33     
                            34     
                            35     
                            36             END

ASSEMBLY COMPLETE, NO ERRORS FOUND
